app/actions/auth.ts(14,7): error TS2769: No overload matches this call.
  Overload 1 of 2, '(value: readonly Literal[], params?: string | { error?: string | $ZodErrorMap<$ZodIssueInvalidValue<unknown>> | undefined; message?: string | undefined; } | undefined): ZodLiteral<...>', gave the following error.
    Argument of type 'string' is not assignable to parameter of type 'readonly Literal[]'.
  Overload 2 of 2, '(value: "SME", params?: string | { error?: string | $ZodErrorMap<$ZodIssueInvalidValue<unknown>> | undefined; message?: string | undefined; } | undefined): ZodLiteral<...>', gave the following error.
    Object literal may only specify known properties, and 'errorMap' does not exist in type '{ error?: string | $ZodErrorMap<$ZodIssueInvalidValue<unknown>> | undefined; message?: string | undefined; }'.
app/actions/auth.ts(15,7): error TS2769: No overload matches this call.
  Overload 1 of 2, '(value: readonly Literal[], params?: string | { error?: string | $ZodErrorMap<$ZodIssueInvalidValue<unknown>> | undefined; message?: string | undefined; } | undefined): ZodLiteral<...>', gave the following error.
    Argument of type 'string' is not assignable to parameter of type 'readonly Literal[]'.
  Overload 2 of 2, '(value: "STUDENT", params?: string | { error?: string | $ZodErrorMap<$ZodIssueInvalidValue<unknown>> | undefined; message?: string | undefined; } | undefined): ZodLiteral<...>', gave the following error.
    Object literal may only specify known properties, and 'errorMap' does not exist in type '{ error?: string | $ZodErrorMap<$ZodIssueInvalidValue<unknown>> | undefined; message?: string | undefined; }'.
app/actions/auth.ts(66,11): error TS2322: Type 'Literal' is not assignable to type 'Role'.
  Type 'undefined' is not assignable to type 'Role'.
